Archive member included to satisfy reference by file (symbol)

../../ch32fun/ch32fun/../misc/libgcc.a(muldi3.o)
                              /tmp/stt.elf.DYwv1H.ltrans0.ltrans.o (__mulsi3)
../../ch32fun/ch32fun/../misc/libgcc.a(div.o)
                              /tmp/stt.elf.DYwv1H.ltrans0.ltrans.o (__udivsi3)

Discarded input sections

 .text          0x0000000000000000        0x0 /tmp/stt.elf.DYwv1H.ltrans0.ltrans.o
 .data          0x0000000000000000        0x0 /tmp/stt.elf.DYwv1H.ltrans0.ltrans.o
 .bss           0x0000000000000000        0x0 /tmp/stt.elf.DYwv1H.ltrans0.ltrans.o
 .text._puts    0x0000000000000000       0x42 /tmp/stt.elf.DYwv1H.ltrans0.ltrans.o
 .text.vprintf  0x0000000000000000       0x16 /tmp/stt.elf.DYwv1H.ltrans0.ltrans.o
 .text.mini_vsnprintf
                0x0000000000000000       0x3a /tmp/stt.elf.DYwv1H.ltrans0.ltrans.o
 .text.snprintf
                0x0000000000000000       0x1c /tmp/stt.elf.DYwv1H.ltrans0.ltrans.o
 .text.sprintf  0x0000000000000000       0x28 /tmp/stt.elf.DYwv1H.ltrans0.ltrans.o
 .text.strcpy   0x0000000000000000       0x14 /tmp/stt.elf.DYwv1H.ltrans0.ltrans.o
 .text.strncpy  0x0000000000000000       0x1c /tmp/stt.elf.DYwv1H.ltrans0.ltrans.o
 .text.strcmp   0x0000000000000000       0x1a /tmp/stt.elf.DYwv1H.ltrans0.ltrans.o
 .text.strncmp  0x0000000000000000       0x2e /tmp/stt.elf.DYwv1H.ltrans0.ltrans.o
 .text.strchr   0x0000000000000000       0x16 /tmp/stt.elf.DYwv1H.ltrans0.ltrans.o
 .text.strrchr  0x0000000000000000       0x3c /tmp/stt.elf.DYwv1H.ltrans0.ltrans.o
 .text.memcpy   0x0000000000000000       0x1c /tmp/stt.elf.DYwv1H.ltrans0.ltrans.o
 .text.memcmp   0x0000000000000000       0x26 /tmp/stt.elf.DYwv1H.ltrans0.ltrans.o
 .text.memmove  0x0000000000000000       0x5e /tmp/stt.elf.DYwv1H.ltrans0.ltrans.o
 .text.memchr   0x0000000000000000       0x1c /tmp/stt.elf.DYwv1H.ltrans0.ltrans.o
 .text.strnlen  0x0000000000000000       0x2a /tmp/stt.elf.DYwv1H.ltrans0.ltrans.o
 .text.twoway_strstr
                0x0000000000000000      0x236 /tmp/stt.elf.DYwv1H.ltrans0.ltrans.o
 .text.strstr   0x0000000000000000      0x140 /tmp/stt.elf.DYwv1H.ltrans0.ltrans.o
 .data.ADCPrescTable.lto_priv.0
                0x0000000000000000       0x14 /tmp/stt.elf.DYwv1H.ltrans0.ltrans.o
 .data.ADCPrescTable.lto_priv.1
                0x0000000000000000       0x14 /tmp/stt.elf.DYwv1H.ltrans0.ltrans.o
 .data.APBAHBPrescTable.lto_priv.0
                0x0000000000000000       0x10 /tmp/stt.elf.DYwv1H.ltrans0.ltrans.o
 .data.APBAHBPrescTable.lto_priv.1
                0x0000000000000000       0x10 /tmp/stt.elf.DYwv1H.ltrans0.ltrans.o
 .comment       0x0000000000000000       0x10 /tmp/stt.elf.DYwv1H.ltrans0.ltrans.o
 .comment       0x0000000000000000       0x10 /tmp/ccq9Viec.debug.temp.o
 .comment       0x0000000000000000       0x10 /tmp/ccWeaOSa.debug.temp.o
 .data          0x0000000000000000        0x0 ../../ch32fun/ch32fun/../misc/libgcc.a(muldi3.o)
 .bss           0x0000000000000000        0x0 ../../ch32fun/ch32fun/../misc/libgcc.a(muldi3.o)
 .data          0x0000000000000000        0x0 ../../ch32fun/ch32fun/../misc/libgcc.a(div.o)
 .bss           0x0000000000000000        0x0 ../../ch32fun/ch32fun/../misc/libgcc.a(div.o)

Memory Configuration

Name             Origin             Length             Attributes
FLASH            0x0000000000000000 0x0000000000004000 xr
RAM              0x0000000020000000 0x0000000000000800 xrw
*default*        0x0000000000000000 0xffffffffffffffff

Linker script and memory map

LOAD /tmp/cc4JDsnh.o
LOAD /tmp/stt.elf.DYwv1H.ltrans0.ltrans.o
LOAD /tmp/ccq9Viec.debug.temp.o
LOAD /tmp/ccWeaOSa.debug.temp.o
LOAD /tmp/ccLrC96G.o
LOAD ../../ch32fun/ch32fun/../misc/libgcc.a
LOAD ../../ch32fun/ch32fun/../misc/libgcc.a

.init           0x0000000000000000       0xa0
                0x0000000000000000                _sinit = .
                0x0000000000000000                . = ALIGN (0x4)
 *(SORT_NONE(.init))
 .init          0x0000000000000000       0x9e /tmp/stt.elf.DYwv1H.ltrans0.ltrans.o
                0x0000000000000000                InterruptVector
                0x00000000000000a0                . = ALIGN (0x4)
 *fill*         0x000000000000009e        0x2 
                0x00000000000000a0                _einit = .

.text           0x00000000000000a0     0x2108
                0x00000000000000a0                . = ALIGN (0x4)
 *(.text)
 .text          0x00000000000000a0       0x16 ../../ch32fun/ch32fun/../misc/libgcc.a(muldi3.o)
                0x00000000000000a0                __mulsi3
 *fill*         0x00000000000000b6        0x2 
 .text          0x00000000000000b8       0x7e ../../ch32fun/ch32fun/../misc/libgcc.a(div.o)
                0x00000000000000b8                __divsi3
                0x00000000000000c0                __hidden___udivsi3
                0x00000000000000c0                __udivsi3
                0x00000000000000ec                __umodsi3
                0x0000000000000110                __modsi3
 *(.text.*)
 .text.mini_pad
                0x0000000000000136       0x9a /tmp/stt.elf.DYwv1H.ltrans0.ltrans.o
 .text.mini_itoa.part.0
                0x00000000000001d0       0xbe /tmp/stt.elf.DYwv1H.ltrans0.ltrans.o
 .text._write.constprop.0
                0x000000000000028e       0x2a /tmp/stt.elf.DYwv1H.ltrans0.ltrans.o
 .text.__puts_uart
                0x00000000000002b8       0x14 /tmp/stt.elf.DYwv1H.ltrans0.ltrans.o
 .text.handle_reset
                0x00000000000002cc       0x70 /tmp/stt.elf.DYwv1H.ltrans0.ltrans.o
                0x00000000000002cc                handle_reset
 .text.vector_handler
                0x000000000000033c       0x2c /tmp/stt.elf.DYwv1H.ltrans0.ltrans.o
                0x000000000000033c                NMI_Handler
                0x000000000000033c                NMI_RCC_CSS_IRQHandler
                0x000000000000034a                EXTI2_IRQHandler
                0x000000000000034a                TIM8_TRG_COM_IRQHandler
                0x000000000000034a                TIM8_CC_IRQHandler
                0x000000000000034a                UART8_IRQHandler
                0x000000000000034a                NFC_IRQHandler
                0x000000000000034a                TIM1_CC_IRQHandler
                0x000000000000034a                HardFault_Handler
                0x000000000000034a                GPIOB_IRQHandler
                0x000000000000034a                USBPD_IRQHandler
                0x000000000000034a                TIM6_IRQHandler
                0x000000000000034a                GPIOA_IRQHandler
                0x000000000000034a                SysTick_Handler
                0x000000000000034a                PVD_IRQHandler
                0x000000000000034a                SDIO_IRQHandler
                0x000000000000034a                TIM9_BRK_IRQHandler
                0x000000000000034a                DMA2_Channel8_IRQHandler
                0x000000000000034a                CAN2_RX1_IRQHandler
                0x000000000000034a                EXTI3_IRQHandler
                0x000000000000034a                UART1_IRQHandler
                0x000000000000034a                USBHS_IRQHandler
                0x000000000000034a                DMA2_Channel9_IRQHandler
                0x000000000000034a                TIM10_CC_IRQHandler
                0x000000000000034a                EXTI25_16_IRQHandler
                0x000000000000034a                USBFS_IRQHandler
                0x000000000000034a                UART0_IRQHandler
                0x000000000000034a                EXTI0_IRQHandler
                0x000000000000034a                I2C2_EV_IRQHandler
                0x000000000000034a                TIM10_TRG_COM_IRQHandler
                0x000000000000034a                CAN2_SCE_IRQHandler
                0x000000000000034a                ADC1_2_IRQHandler
                0x000000000000034a                BB_IRQHandler
                0x000000000000034a                Break_Point_Handler
                0x000000000000034a                TIM2_CC_IRQHandler
                0x000000000000034a                SPI1_IRQHandler
                0x000000000000034a                TAMPER_IRQHandler
                0x000000000000034a                TMR0_IRQHandler
                0x000000000000034a                AWU_IRQHandler
                0x000000000000034a                EXTI7_0_IRQHandler
                0x000000000000034a                CAN2_RX0_IRQHandler
                0x000000000000034a                OSCWakeUp_IRQHandler
                0x000000000000034a                TIM8_UP_IRQHandler
                0x000000000000034a                Ecall_M_Mode_Handler
                0x000000000000034a                DMA2_Channel2_IRQHandler
                0x000000000000034a                DMA1_Channel4_IRQHandler
                0x000000000000034a                ADC1_IRQHandler
                0x000000000000034a                TIM2_BRK_IRQHandler
                0x000000000000034a                TIM9_UP_IRQHandler
                0x000000000000034a                USART3_IRQHandler
                0x000000000000034a                RTC_IRQHandler
                0x000000000000034a                DMA1_Channel7_IRQHandler
                0x000000000000034a                LED_IRQHandler
                0x000000000000034a                CAN1_RX1_IRQHandler
                0x000000000000034a                DVP_IRQHandler
                0x000000000000034a                UART5_IRQHandler
                0x000000000000034a                EXTI15_8_IRQHandler
                0x000000000000034a                TIM4_IRQHandler
                0x000000000000034a                DMA2_Channel1_IRQHandler
                0x000000000000034a                USBPD_WKUP_IRQHandler
                0x000000000000034a                I2C1_EV_IRQHandler
                0x000000000000034a                UART2_IRQHandler
                0x000000000000034a                USART4_IRQHandler
                0x000000000000034a                PWMX_IRQHandler
                0x000000000000034a                DMA1_Channel6_IRQHandler
                0x000000000000034a                UART4_IRQHandler
                0x000000000000034a                DMA2_Channel4_IRQHandler
                0x000000000000034a                TIM3_IRQHandler
                0x000000000000034a                RCC_IRQHandler
                0x000000000000034a                TIM1_TRG_COM_IRQHandler
                0x000000000000034a                DMA1_Channel1_IRQHandler
                0x000000000000034a                DMA2_Channel7_IRQHandler
                0x000000000000034a                EXTI15_10_IRQHandler
                0x000000000000034a                ADC_IRQHandler
                0x000000000000034a                DMA1_Channel8_IRQHandler
                0x000000000000034a                TMR2_IRQHandler
                0x000000000000034a                DefaultIRQHandler
                0x000000000000034a                TIM7_IRQHandler
                0x000000000000034a                CAN2_TX_IRQHandler
                0x000000000000034a                TIM5_IRQHandler
                0x000000000000034a                USB_IRQHandler
                0x000000000000034a                EXTI9_5_IRQHandler
                0x000000000000034a                PIOC_IRQHandler
                0x000000000000034a                SPI2_IRQHandler
                0x000000000000034a                OSC32KCal_IRQHandler
                0x000000000000034a                I2C_IRQHandler
                0x000000000000034a                TIM10_BRK_IRQHandler
                0x000000000000034a                TIM9_CC_IRQHandler
                0x000000000000034a                DMA2_Channel5_IRQHandler
                0x000000000000034a                USB2_IRQHandler
                0x000000000000034a                USBHSWakeUp_IRQHandler
                0x000000000000034a                DMA1_Channel5_IRQHandler
                0x000000000000034a                EXTI4_IRQHandler
                0x000000000000034a                USB_LP_CAN1_RX0_IRQHandler
                0x000000000000034a                RNG_IRQHandler
                0x000000000000034a                USB_HP_CAN1_TX_IRQHandler
                0x000000000000034a                LLE_IRQHandler
                0x000000000000034a                DMA1_Channel3_IRQHandler
                0x000000000000034a                FSMC_IRQHandler
                0x000000000000034a                ETH_IRQHandler
                0x000000000000034a                WWDG_IRQHandler
                0x000000000000034a                DMA2_Channel11_IRQHandler
                0x000000000000034a                WDOG_BAT_IRQHandler
                0x000000000000034a                Ecall_U_Mode_Handler
                0x000000000000034a                TMR3_IRQHandler
                0x000000000000034a                DMA2_Channel6_IRQHandler
                0x000000000000034a                TIM2_IRQHandler
                0x000000000000034a                SW_Handler
                0x000000000000034a                TIM1_BRK_IRQHandler
                0x000000000000034a                OPA_IRQHandler
                0x000000000000034a                DMA2_Channel10_IRQHandler
                0x000000000000034a                EXTI1_IRQHandler
                0x000000000000034a                SPI0_IRQHandler
                0x000000000000034a                USB2_HOST_IRQHandler
                0x000000000000034a                RTCAlarm_IRQHandler
                0x000000000000034a                TIM10_UP_IRQHandler
                0x000000000000034a                TIM9_TRG_COM_IRQHandler
                0x000000000000034a                UART7_IRQHandler
                0x000000000000034a                USART2_IRQHandler
                0x000000000000034a                UART6_IRQHandler
                0x000000000000034a                ETHWakeUp_IRQHandler
                0x000000000000034a                I2C2_ER_IRQHandler
                0x000000000000034a                DMA1_Channel2_IRQHandler
                0x000000000000034a                TIM8_BRK_IRQHandler
                0x000000000000034a                TIM2_TRG_IRQHandler
                0x000000000000034a                CAN1_SCE_IRQHandler
                0x000000000000034a                FLASH_IRQHandler
                0x000000000000034a                USBFSWakeUp_IRQHandler
                0x000000000000034a                USART1_IRQHandler
                0x000000000000034a                OTG_FS_IRQHandler
                0x000000000000034a                SPI3_IRQHandler
                0x000000000000034a                USBFS_WakeUp_IRQHandler
                0x000000000000034a                UART3_IRQHandler
                0x000000000000034a                I2C1_ER_IRQHandler
                0x000000000000034a                USB2_DEVICE_IRQHandler
                0x000000000000034a                TMR1_IRQHandler
                0x000000000000034a                USBWakeUp_IRQHandler
                0x000000000000034a                DMA2_Channel3_IRQHandler
 .text.strlen   0x0000000000000368       0x12 /tmp/stt.elf.DYwv1H.ltrans0.ltrans.o
                0x0000000000000368                strlen
 .text.mini_vpprintf
                0x000000000000037a      0x1ae /tmp/stt.elf.DYwv1H.ltrans0.ltrans.o
 .text.printf   0x0000000000000528       0x26 /tmp/stt.elf.DYwv1H.ltrans0.ltrans.o
                0x0000000000000528                printf
 .text.memset   0x000000000000054e       0x12 /tmp/stt.elf.DYwv1H.ltrans0.ltrans.o
                0x000000000000054e                memset
 .text.puts     0x0000000000000560       0x2c /tmp/stt.elf.DYwv1H.ltrans0.ltrans.o
                0x0000000000000560                puts
 .text.putchar  0x000000000000058c       0x1a /tmp/stt.elf.DYwv1H.ltrans0.ltrans.o
                0x000000000000058c                putchar
 .text.PrintHex
                0x00000000000005a6       0x48 /tmp/stt.elf.DYwv1H.ltrans0.ltrans.o
 .text.SystemInit
                0x00000000000005ee       0xb4 /tmp/stt.elf.DYwv1H.ltrans0.ltrans.o
                0x00000000000005ee                SystemInit
 .text.startup.main
                0x00000000000006a2      0x6ea /tmp/stt.elf.DYwv1H.ltrans0.ltrans.o
                0x00000000000006a2                main
 .text.TIM1_UP_IRQHandler
                0x0000000000000d8c      0x13c /tmp/stt.elf.DYwv1H.ltrans0.ltrans.o
 *(.rodata)
 *(.rodata*)
 .rodata.puts.str1.4
                0x0000000000000ec8        0x0 /tmp/stt.elf.DYwv1H.ltrans0.ltrans.o
                                          0x2 (size before relaxing)
 *fill*         0x0000000000000ec8        0x0 
 .rodata.main.str1.4
                0x0000000000000ec8       0x9a /tmp/stt.elf.DYwv1H.ltrans0.ltrans.o
 *fill*         0x0000000000000f62        0x2 
 .rodata.TIM1_UP_IRQHandler.str1.4
                0x0000000000000f64        0xa /tmp/stt.elf.DYwv1H.ltrans0.ltrans.o
 *fill*         0x0000000000000f6e        0x2 
 .rodata.cb     0x0000000000000f70      0x913 /tmp/stt.elf.DYwv1H.ltrans0.ltrans.o
 *fill*         0x0000000000001883        0x1 
 .rodata.dctm_8bit
                0x0000000000001884      0x280 /tmp/stt.elf.DYwv1H.ltrans0.ltrans.o
 .rodata.first  0x0000000000001b04       0x24 /tmp/stt.elf.DYwv1H.ltrans0.ltrans.o
 .rodata.mel_mx
                0x0000000000001b28      0x400 /tmp/stt.elf.DYwv1H.ltrans0.ltrans.o
 .rodata.ti     0x0000000000001f28      0x100 /tmp/stt.elf.DYwv1H.ltrans0.ltrans.o
 .rodata.tr     0x0000000000002028      0x100 /tmp/stt.elf.DYwv1H.ltrans0.ltrans.o
 .rodata.window
                0x0000000000002128       0x80 /tmp/stt.elf.DYwv1H.ltrans0.ltrans.o
 *(.gnu.linkonce.t.*)
                0x00000000000021a8                . = ALIGN (0x4)

.rela.dyn       0x00000000000021a8        0x0
 .rela.text.mini_pad
                0x00000000000021a8        0x0 /tmp/stt.elf.DYwv1H.ltrans0.ltrans.o
 .rela.text.handle_reset
                0x00000000000021a8        0x0 /tmp/stt.elf.DYwv1H.ltrans0.ltrans.o
 .rela.text.vector_handler
                0x00000000000021a8        0x0 /tmp/stt.elf.DYwv1H.ltrans0.ltrans.o
 .rela.text.mini_vpprintf
                0x00000000000021a8        0x0 /tmp/stt.elf.DYwv1H.ltrans0.ltrans.o
 .rela.text.puts
                0x00000000000021a8        0x0 /tmp/stt.elf.DYwv1H.ltrans0.ltrans.o
 .rela.text.PrintHex
                0x00000000000021a8        0x0 /tmp/stt.elf.DYwv1H.ltrans0.ltrans.o
 .rela.text.startup.main
                0x00000000000021a8        0x0 /tmp/stt.elf.DYwv1H.ltrans0.ltrans.o
 .rela.text.TIM1_UP_IRQHandler
                0x00000000000021a8        0x0 /tmp/stt.elf.DYwv1H.ltrans0.ltrans.o

.fini           0x00000000000021a8        0x0
 *(SORT_NONE(.fini))
                0x00000000000021a8                . = ALIGN (0x4)
                [!provide]                        PROVIDE (_etext = .)
                [!provide]                        PROVIDE (_eitcm = .)

.preinit_array  0x00000000000021a8        0x0
                [!provide]                        PROVIDE (__preinit_array_start = .)
 *(.preinit_array)
                [!provide]                        PROVIDE (__preinit_array_end = .)

.init_array     0x00000000000021a8        0x0
                [!provide]                        PROVIDE (__init_array_start = .)
 *(SORT_BY_INIT_PRIORITY(.init_array.*) SORT_BY_INIT_PRIORITY(.ctors.*))
 *(.init_array EXCLUDE_FILE(*crtend?.o *crtend.o *crtbegin?.o *crtbegin.o) .ctors)
                [!provide]                        PROVIDE (__init_array_end = .)

.fini_array     0x00000000000021a8        0x0
                [!provide]                        PROVIDE (__fini_array_start = .)
 *(SORT_BY_INIT_PRIORITY(.fini_array.*) SORT_BY_INIT_PRIORITY(.dtors.*))
 *(.fini_array EXCLUDE_FILE(*crtend?.o *crtend.o *crtbegin?.o *crtbegin.o) .dtors)
                [!provide]                        PROVIDE (__fini_array_end = .)

.ctors
 *crtbegin.o(.ctors)
 *crtbegin?.o(.ctors)
 *(EXCLUDE_FILE(*crtend?.o *crtend.o) .ctors)
 *(SORT_BY_NAME(.ctors.*))
 *(.ctors)

.dtors
 *crtbegin.o(.dtors)
 *crtbegin?.o(.dtors)
 *(EXCLUDE_FILE(*crtend?.o *crtend.o) .dtors)
 *(SORT_BY_NAME(.dtors.*))
 *(.dtors)

.dalign         0x0000000020000000        0x0 load address 0x00000000000021a8
                0x0000000020000000                . = ALIGN (0x4)
                0x0000000020000000                PROVIDE (_data_vma = .)

.dlalign        0x00000000000021a8        0x0
                0x00000000000021a8                . = ALIGN (0x4)
                0x00000000000021a8                PROVIDE (_data_lma = .)

.data           0x0000000020000000        0x0 load address 0x00000000000021a8
                0x0000000020000000                . = ALIGN (0x4)
                0x00000000200003fc                __global_pointer$ = (. + 0x3fc)
 *(.gnu.linkonce.r.*)
 *(.data .data.*)
 *(.gnu.linkonce.d.*)
                0x0000000020000000                . = ALIGN (0x8)
 *(.sdata .sdata.*)
 *(.sdata2*)
 *(.gnu.linkonce.s.*)
                0x0000000020000000                . = ALIGN (0x8)
 *(.srodata.cst16)
 *(.srodata.cst8)
 *(.srodata.cst4)
 *(.srodata.cst2)
 *(.srodata .srodata.*)
                0x0000000020000000                . = ALIGN (0x4)
                0x0000000020000000                PROVIDE (_edata = .)

.bss            0x0000000020000000      0x6a0 load address 0x00000000000021a8
                0x0000000020000000                . = ALIGN (0x4)
                0x0000000020000000                PROVIDE (_sbss = .)
 *(.sbss*)
 .sbss.count    0x0000000020000000        0x4 /tmp/stt.elf.DYwv1H.ltrans0.ltrans.o
 .sbss.lock     0x0000000020000004        0x4 /tmp/stt.elf.DYwv1H.ltrans0.ltrans.o
 .sbss.posn     0x0000000020000008        0x4 /tmp/stt.elf.DYwv1H.ltrans0.ltrans.o
 .sbss.samcount
                0x000000002000000c        0x4 /tmp/stt.elf.DYwv1H.ltrans0.ltrans.o
 .sbss.silcount
                0x0000000020000010        0x4 /tmp/stt.elf.DYwv1H.ltrans0.ltrans.o
 .sbss.total    0x0000000020000014        0x4 /tmp/stt.elf.DYwv1H.ltrans0.ltrans.o
 .sbss.wsize    0x0000000020000018        0x1 /tmp/stt.elf.DYwv1H.ltrans0.ltrans.o
 *(.gnu.linkonce.sb.*)
 *(.bss*)
 *fill*         0x0000000020000019        0x3 
 .bss.buffer    0x000000002000001c      0x100 /tmp/stt.elf.DYwv1H.ltrans0.ltrans.o
 .bss.cep       0x000000002000011c       0x20 /tmp/stt.elf.DYwv1H.ltrans0.ltrans.o
 .bss.im        0x000000002000013c      0x200 /tmp/stt.elf.DYwv1H.ltrans0.ltrans.o
 .bss.mel       0x000000002000033c       0x50 /tmp/stt.elf.DYwv1H.ltrans0.ltrans.o
 .bss.nfloor    0x000000002000038c       0x14 /tmp/stt.elf.DYwv1H.ltrans0.ltrans.o
 .bss.re        0x00000000200003a0      0x200 /tmp/stt.elf.DYwv1H.ltrans0.ltrans.o
 .bss.word      0x00000000200005a0      0x100 /tmp/stt.elf.DYwv1H.ltrans0.ltrans.o
 *(.gnu.linkonce.b.*)
 *(COMMON*)
                0x00000000200006a0                . = ALIGN (0x4)
                0x00000000200006a0                PROVIDE (_ebss = .)
                [!provide]                        PROVIDE (_end = _ebss)
                [!provide]                        PROVIDE (end = .)
                0x0000000020000800                PROVIDE (_eusrstack = (ORIGIN (RAM) + LENGTH (RAM)))

/DISCARD/
 *(.note .note.*)
 *(.eh_frame .eh_frame.*)
 *(.comment .comment.*)
 *(.ARM.extab* .gnu.linkonce.armextab.*)
 *(.ARM.exidx*)
OUTPUT(stt.elf elf32-littleriscv)

.riscv.attributes
                0x0000000000000000       0x25
 .riscv.attributes
                0x0000000000000000       0x25 /tmp/stt.elf.DYwv1H.ltrans0.ltrans.o
 .riscv.attributes
                0x0000000000000025       0x1f ../../ch32fun/ch32fun/../misc/libgcc.a(muldi3.o)
 .riscv.attributes
                0x0000000000000044       0x1f ../../ch32fun/ch32fun/../misc/libgcc.a(div.o)

.debug_info     0x0000000000000000     0x30bf
 .debug_info    0x0000000000000000     0x12b4 /tmp/stt.elf.DYwv1H.ltrans0.ltrans.o
 .debug_info    0x00000000000012b4     0x1191 /tmp/ccq9Viec.debug.temp.o
                0x00000000000012b4                ch32fun.c.7589f8fb
 .debug_info    0x0000000000002445      0xbec /tmp/ccWeaOSa.debug.temp.o
                0x0000000000002445                stt.c.5fff5958
 .debug_info    0x0000000000003031       0x31 ../../ch32fun/ch32fun/../misc/libgcc.a(muldi3.o)
 .debug_info    0x0000000000003062       0x5d ../../ch32fun/ch32fun/../misc/libgcc.a(div.o)

.debug_abbrev   0x0000000000000000      0x617
 .debug_abbrev  0x0000000000000000      0x196 /tmp/stt.elf.DYwv1H.ltrans0.ltrans.o
 .debug_abbrev  0x0000000000000196      0x24f /tmp/ccq9Viec.debug.temp.o
 .debug_abbrev  0x00000000000003e5      0x1e2 /tmp/ccWeaOSa.debug.temp.o
 .debug_abbrev  0x00000000000005c7       0x28 ../../ch32fun/ch32fun/../misc/libgcc.a(muldi3.o)
 .debug_abbrev  0x00000000000005ef       0x28 ../../ch32fun/ch32fun/../misc/libgcc.a(div.o)

.debug_loc      0x0000000000000000     0x26e1
 .debug_loc     0x0000000000000000     0x26e1 /tmp/stt.elf.DYwv1H.ltrans0.ltrans.o

.debug_aranges  0x0000000000000000      0x178
 .debug_aranges
                0x0000000000000000      0x138 /tmp/stt.elf.DYwv1H.ltrans0.ltrans.o
 .debug_aranges
                0x0000000000000138       0x20 ../../ch32fun/ch32fun/../misc/libgcc.a(muldi3.o)
 .debug_aranges
                0x0000000000000158       0x20 ../../ch32fun/ch32fun/../misc/libgcc.a(div.o)

.debug_ranges   0x0000000000000000      0x3b8
 .debug_ranges  0x0000000000000000      0x3b8 /tmp/stt.elf.DYwv1H.ltrans0.ltrans.o

.debug_line     0x0000000000000000     0x3c80
 .debug_line    0x0000000000000000     0x389d /tmp/stt.elf.DYwv1H.ltrans0.ltrans.o
 .debug_line    0x000000000000389d      0x11a /tmp/ccq9Viec.debug.temp.o
 .debug_line    0x00000000000039b7       0xfc /tmp/ccWeaOSa.debug.temp.o
 .debug_line    0x0000000000003ab3       0x7a ../../ch32fun/ch32fun/../misc/libgcc.a(muldi3.o)
 .debug_line    0x0000000000003b2d      0x153 ../../ch32fun/ch32fun/../misc/libgcc.a(div.o)

.debug_str      0x0000000000000000      0xc01
 .debug_str     0x0000000000000000      0x14b /tmp/stt.elf.DYwv1H.ltrans0.ltrans.o
                                        0x163 (size before relaxing)
 .debug_str     0x000000000000014b      0x5ed /tmp/ccq9Viec.debug.temp.o
                                        0x6df (size before relaxing)
 .debug_str     0x0000000000000738      0x3d8 /tmp/ccWeaOSa.debug.temp.o
                                        0x6db (size before relaxing)
 .debug_str     0x0000000000000b10       0xa3 ../../ch32fun/ch32fun/../misc/libgcc.a(muldi3.o)
                                         0xac (size before relaxing)
 .debug_str     0x0000000000000bb3       0x4e ../../ch32fun/ch32fun/../misc/libgcc.a(div.o)
                                         0xd9 (size before relaxing)

.debug_frame    0x0000000000000000      0x3bc
 .debug_frame   0x0000000000000000      0x3bc /tmp/stt.elf.DYwv1H.ltrans0.ltrans.o

.debug_line_str
                0x0000000000000000       0x9b
 .debug_line_str
                0x0000000000000000       0x95 ../../ch32fun/ch32fun/../misc/libgcc.a(muldi3.o)
 .debug_line_str
                0x0000000000000095        0x6 ../../ch32fun/ch32fun/../misc/libgcc.a(div.o)
                                         0x92 (size before relaxing)
